[www-sidep.prevnet/index.html]
[backblue.gif]
[fade.gif]
[index.html]
[www-sidep.prevnet/scripts/jquery-1.9.1.min.js]
[www-sidep.prevnet/scripts/bootstrap.min.js]
[www-sidep.prevnet/scripts/angular.min.js]
[www-sidep.prevnet/scripts/angular-locale_pt-br.min.js]
[www-sidep.prevnet/scripts/angular-sanitize.js]
[www-sidep.prevnet/scripts/angular-animate.js]
[www-sidep.prevnet/scripts/ui-bootstrap-tpls.js]
[www-sidep.prevnet/scripts/angular-cookies.min.js]
[www-sidep.prevnet/scripts/trix.js]
[www-sidep.prevnet/scripts/angular-trix.min.js]
[www-sidep.prevnet/scripts/angular-bootstrap-toggle.min.js]
[www-sidep.prevnet/scripts/sidepApp.js]
[www-sidep.prevnet/Index-2.html]
[www-sidep.prevnet/Usuario.html]
[www-sidep.prevnet/Sobre.html]
[www-sidep.prevnet/images/eu.png]
[www-sidep.prevnet/images/it.png]
[www-sidep.prevnet/images/ArmasBrasil.png]
[www-sidep.prevnet/index.html]
[www-sidep.prevnet/fonts/glyphicons-halflings-regular.eot]
[www-sidep.prevnet/fonts/glyphicons-halflings-regulard41d.eot]
[www-sidep.prevnet/fonts/glyphicons-halflings-regular.woff2]
[www-sidep.prevnet/fonts/glyphicons-halflings-regular.woff]
[www-sidep.prevnet/fonts/glyphicons-halflings-regular.ttf]
[www-sidep.prevnet/Content/bootstrap.min.css]
[www-sidep.prevnet/Content/trix.css]
[www-sidep.prevnet/Content/angular-bootstrap-toggle.min.css]
[www-sidep.prevnet/Index-2.html]
[www-sidep.prevnet/scripts/sidepUsApp.js]
[www-sidep.prevnet/Usuario.html]
[ajax.googleapis.com/ajax/libs/jquery/3.4.1/jquery.min.js]
[maxcdn.bootstrapcdn.com/bootstrap/3.4.1/js/bootstrap.min.js]
[www-sidep.prevnet/images/Tut1.png]
[www-sidep.prevnet/images/Tut2.png]
[www-sidep.prevnet/images/Tut3.gif]
[www-sidep.prevnet/images/Tut4.png]
[www-sidep.prevnet/images/Tut5.png]
[www-sidep.prevnet/images/Tut6.png]
[www-sidep.prevnet/Sobre.html]
[www-sidep.prevnet/fonts/glyphicons-halflings-regular.svg]
